
  ___  ____  ____  ____  ____ ®
 /__    /   ____/   /   ____/      18.0
___/   /   /___/   /   /___/       MP—Parallel Edition

 Statistics and Data Science       Copyright 1985-2023 StataCorp LLC
                                   StataCorp
                                   4905 Lakeway Drive
                                   College Station, Texas 77845 USA
                                   800-STATA-PC        https://www.stata.com
                                   979-696-4600        stata@stata.com

Stata license: Single-user 2-core  perpetual
Serial number: 501806300203
  Licensed to: Zixuan
               

Notes:
      1. Stata is running in batch mode.
      2. Unicode is supported; see help unicode_advice.
      3. More than 2 billion observations are allowed; see help obs_advice.
      4. Maximum number of variables is set to 30,000 but can be increased;
          see help set_maxvar.


Running D:\Stata 18\profile.do ...

. do C:\Users\LENOVO\Desktop\BoardPharma\codes\tmp\personnel_did_smoke.do 

. clear all

. set more off

. set trace off

. cd "C:/Users/LENOVO/Desktop/BoardPharma/codes"
C:\Users\LENOVO\Desktop\BoardPharma\codes

. 
. // ================================================================
. // Purpose:
. // Run stacked did_imputation event-study regressions for
. // firm-pair-product-quarter personnel panels.
. //
. // Process:
. // 1. Loop over personnel definitions, event types, control sets,
. //    treatment groups, balanced-panel filters, FE specifications, and targets.
. // 2. Import 2009-2017 cohort CSVs and stack available cohorts.
. // 3. Build log outcome, unit/time/cohort variables, D_confounded, and group4.
. // 4. Estimate did_imputation with hetby(group4).
. // 5. Export group4 x event-time coefficient CSVs and event_plot figures.
. //
. // Input:
. // - data/personnel_regression_panels/{definition}/retain3yr/{event_type}/
. //   {control_set}/treatment_group_{A|B}/reg_panel_cohort_{cohort}_tg{A|B}.csv
. //
. // Output:
. // - figures/personnel_did_imputation/...
. // - csv/personnel_did_imputation/...
. // - logs/personnel_did_imputation/...
. // ================================================================
. 
. * ================= user config =================
. local definitions medium_board_csuite

. local event_types to_B_not_in_A

. local control_sets C6B

. local treatment_groups B

. local targets price1

. local standardize_types log_transform

. local fe_levels 2

. local balanced_only_values 0

. local cohort_list 2009 2010 2011 2012 2013 2014 2015 2016 2017

. 
. local did_horizons 0/11

. local did_pretrend 8

. local coef_names pre_8 pre_7 pre_6 pre_5 pre_4 pre_3 pre_2 pre_1 post_0 post_1 post_2 post_3 post_4 post_5 post_6 post_7 post_8 post_9 post_10 post_11

. local n_total 20

. local trimlead 8

. local trimlag 11

. local xlabel_spec "-8(1)11"

. local graph_width 3000

. local perturb_step 0.10

. local perturb_span 0.30

. local perturb_increment = 2 * `perturb_step'

. local timevar q_time

. local gvar event_cohort_q

. 
. * ================= path =================
. local code_path "`c(pwd)'"

. local code_path = subinstr("`code_path'", "\", "/", .)

. 
. if regexm("`code_path'", "/3_event_study$") {
.     local parent_path = regexr("`code_path'", "/[^/]+$", "")
.     local project_path = regexr("`parent_path'", "/[^/]+$", "")
. }

. else if regexm("`code_path'", "/codes$") {
.     local project_path = regexr("`code_path'", "/[^/]+$", "")
. }

. else {
.     local parent_path = regexr("`code_path'", "/[^/]+$", "")
.     local project_path = regexr("`parent_path'", "/[^/]+$", "")
. }

. 
. local input_root "`project_path'/data/personnel_regression_panels"

. local fig_root "`project_path'/figures/personnel_did_imputation"

. local csv_root "`project_path'/csv/personnel_did_imputation"

. local log_root "`project_path'/logs/personnel_did_imputation"

. 
. cap mkdir "`project_path'/figures"

. cap mkdir "`project_path'/csv"

. cap mkdir "`project_path'/logs"

. cap mkdir "`fig_root'"

. cap mkdir "`csv_root'"

. cap mkdir "`log_root'"

. 
. * ================= loop =================
. foreach definition of local definitions {
  2. foreach event_type of local event_types {
  3. foreach control_set of local control_sets {
  4. foreach treatment_group of local treatment_groups {
  5. foreach balanced_only of local balanced_only_values {
  6. foreach fe_level of local fe_levels {
  7. foreach target of local targets {
  8. foreach std of local standardize_types {
  9. 
.     if !inlist("`treatment_group'", "A", "B") {
 10.         di as error "treatment_group must be one of: A, B"
 11.         exit 198
 12.     }
 13.     if !inlist(`balanced_only', 0, 1) {
 14.         di as error "balanced_only must be one of: 0, 1"
 15.         exit 198
 16.     }
 17.     if !inlist(`fe_level', 1, 2) {
 18.         di as error "fe_level must be one of: 1, 2"
 19.         exit 198
 20.     }
 21.     if "`std'" != "log_transform" {
 22.         di as error "Only log_transform is configured for this do-file."
 23.         exit 198
 24.     }
 25. 
.     * -------- setup paths for this iteration --------
.     local input_path "`input_root'/`definition'/retain3yr/`event_type'/`control_set'/treatment_group_`treatment_group'"
 26. 
.     foreach base in "`fig_root'" "`csv_root'" "`log_root'" {
 27.         cap mkdir "`base'/`definition'"
 28.         cap mkdir "`base'/`definition'/`event_type'"
 29.         cap mkdir "`base'/`definition'/`event_type'/`control_set'"
 30.         cap mkdir "`base'/`definition'/`event_type'/`control_set'/treatment_group_`treatment_group'"
 31.         cap mkdir "`base'/`definition'/`event_type'/`control_set'/treatment_group_`treatment_group'/balanced_`balanced_only'"
 32.         cap mkdir "`base'/`definition'/`event_type'/`control_set'/treatment_group_`treatment_group'/balanced_`balanced_only'/fe`fe_level'"
 33.         cap mkdir "`base'/`definition'/`event_type'/`control_set'/treatment_group_`treatment_group'/balanced_`balanced_only'/fe`fe_level'/`target'"
 34.     }
 35. 
.     local fig_path "`fig_root'/`definition'/`event_type'/`control_set'/treatment_group_`treatment_group'/balanced_`balanced_only'/fe`fe_level'/`target'"
 36.     local csv_path "`csv_root'/`definition'/`event_type'/`control_set'/treatment_group_`treatment_group'/balanced_`balanced_only'/fe`fe_level'/`target'"
 37.     local log_path "`log_root'/`definition'/`event_type'/`control_set'/treatment_group_`treatment_group'/balanced_`balanced_only'/fe`fe_level'/`target'"
 38.     local file_stub "`event_type'_`control_set'_tg`treatment_group'_balanced`balanced_only'_fe`fe_level'_`target'_log_hetby4"
 39. 
.     cap log close
 40.     log using "`log_path'/`file_stub'.log", text replace
 41. 
.     di as text "============================================================"
 42.     di as text "personnel did_imputation event-study"
 43.     di as text "input_path=`input_path'"
 44.     di as text "cohort_list=`cohort_list'"
 45.     di as text "definition=`definition'"
 46.     di as text "event_type=`event_type'"
 47.     di as text "control_set=`control_set'"
 48.     di as text "treatment_group=`treatment_group'"
 49.     di as text "balanced_only=`balanced_only'"
 50.     di as text "fe_level=`fe_level'"
 51.     di as text "target=`target'"
 52.     di as text "transform=`std'"
 53.     di as text "timevar=`timevar'"
 54.     di as text "gvar=`gvar'"
 55.     di as text "============================================================"
 56. 
.     * -------- read and stack cohort data --------
.     local first = 1
 57.     local used_cohorts ""
 58.     local skipped_cohorts ""
 59. 
.     foreach cohort of local cohort_list {
 60.         local data_file "`input_path'/reg_panel_cohort_`cohort'_tg`treatment_group'.csv"
 61. 
.         capture confirm file "`data_file'"
 62.         if _rc {
 63.             di as error "Missing cohort file, skipping cohort: `data_file'"
 64.             local skipped_cohorts "`skipped_cohorts' `cohort'"
 65.             continue
 66.         }
 67. 
.         capture noisily import delimited "`data_file'", clear varnames(1) case(preserve)
 68.         if _rc {
 69.             di as error "Failed to import cohort file, skipping cohort: `data_file'"
 70.             local skipped_cohorts "`skipped_cohorts' `cohort'"
 71.             continue
 72.         }
 73. 
.         local bad_cohort 0
 74.         foreach v in year quarter treat event_time {
 75.             capture confirm variable `v'
 76.             if _rc {
 77.                 di as error "Missing required variable `v' in `data_file'; skipping cohort"
 78.                 local skipped_cohorts "`skipped_cohorts' `cohort'"
 79.                 local bad_cohort 1
 80.                 continue, break
 81.             }
 82.             capture confirm numeric variable `v'
 83.             if _rc {
 84.                 capture noisily destring `v', replace ignore(" ,")
 85.                 if _rc {
 86.                     di as error "Could not destring `v' in `data_file'; skipping cohort"
 87.                     local skipped_cohorts "`skipped_cohorts' `cohort'"
 88.                     local bad_cohort 1
 89.                     continue, break
 90.                 }
 91.             }
 92.         }
 93.         if `bad_cohort' {
 94.             continue
 95.         }
 96. 
.         gen data_cohort = `cohort'
 97.         gen q_time = yq(year, quarter)
 98.         format q_time %tq
 99.         gen event_cohort_q = yq(data_cohort, 1) if treat == 1
100.         replace event_cohort_q = . if treat == 0 | missing(treat)
101. 
.         keep if event_time >= -8 & event_time <= 11
102.         count
103.         if r(N) == 0 {
104.             di as error "No rows in event window for cohort `cohort'; skipping cohort"
105.             local skipped_cohorts "`skipped_cohorts' `cohort'"
106.             continue
107.         }
108. 
.         if `first' {
109.             tempfile stack
110.             save `stack', replace
111.             local first = 0
112.         }
113.         else {
114.             append using `stack'
115.             save `stack', replace
116.         }
117.         local used_cohorts "`used_cohorts' `cohort'"
118.     }
119. 
.     di as text "used_cohorts=`used_cohorts'"
120.     di as text "skipped_cohorts=`skipped_cohorts'"
121. 
.     if `first' {
122.         di as error "No cohort data were available after reading and event-window filtering. Skipping this parameter combination."
123.         log close
124.         continue
125.     }
126. 
.     use `stack', clear
127. 
.     * -------- validate and transform variables --------
.     local numeric_vars year quarter treat event_time share_atc3 balanced_panel `target' ///
>         pre_retain_W pre_exit_W pre_dissolved_W ///
>         sameq_retain sameq_exit sameq_dissolved ///
>         post_retain post_exit post_dissolved
128.     local bad_numeric 0
129. 
.     foreach v of local numeric_vars {
130.         capture confirm variable `v'
131.         if _rc {
132.             di as error "Missing required variable after stacking: `v'"
133.             local bad_numeric 1
134.         }
135.         else {
136.             capture confirm numeric variable `v'
137.             if _rc {
138.                 capture noisily destring `v', replace ignore(" ,")
139.                 if _rc {
140.                     di as error "Could not destring required variable after stacking: `v'"
141.                     local bad_numeric 1
142.                 }
143.             }
144.         }
145.     }
146. 
.     capture confirm variable A
147.     if _rc {
148.         di as error "Missing required firm-pair variable after stacking: A"
149.         local bad_numeric 1
150.     }
151.     capture confirm variable B
152.     if _rc {
153.         di as error "Missing required firm-pair variable after stacking: B"
154.         local bad_numeric 1
155.     }
156.     capture confirm variable product
157.     if _rc {
158.         di as error "Missing required product variable after stacking: product"
159.         local bad_numeric 1
160.     }
161. 
.     if `bad_numeric' {
162.         di as error "Skipping this parameter combination because required variables are missing or not numeric."
163.         log close
164.         continue
165.     }
166. 
.     gen y = log(`target')
167. 
.     egen id = group(A B product data_cohort)
168.     format q_time %tq
169. 
.     egen D_confounded = rowmax( ///
>         pre_retain_W pre_exit_W pre_dissolved_W ///
>         sameq_retain sameq_exit sameq_dissolved ///
>         post_retain post_exit post_dissolved ///
>     )
170.     replace D_confounded = 0 if treat == 0
171.     replace D_confounded = 0 if missing(D_confounded)
172. 
.     replace share_atc3 = 0 if missing(share_atc3)
173.     gen group4 = .
174.     replace group4 = 0 if treat == 1 & share_atc3 == 0 & D_confounded == 0
175.     replace group4 = 1 if treat == 1 & share_atc3 == 1 & D_confounded == 0
176.     replace group4 = 2 if treat == 1 & share_atc3 == 0 & D_confounded == 1
177.     replace group4 = 3 if treat == 1 & share_atc3 == 1 & D_confounded == 1
178.     replace group4 = 0 if treat == 0
179. 
.     label define group4_lbl 0 "clean_nonshare" 1 "clean_share" 2 "confounded_nonshare" 3 "confounded_share", replace
180.     label values group4 group4_lbl
181. 
.     if `balanced_only' == 1 {
182.         keep if balanced_panel == 1
183.         di as text "Applied balanced_panel == 1 filter."
184.     }
185. 
.     count
186.     if r(N) == 0 {
187.         di as error "No rows remain after balanced-panel filtering. Skipping this parameter combination."
188.         log close
189.         continue
190.     }
191. 
.     if `fe_level' == 1 {
192.         egen fe_cqt_A = group(data_cohort q_time A)
193.         egen fe_cqt_B = group(data_cohort q_time B)
194.         local fe_spec "id fe_cqt_A fe_cqt_B"
195.         local fe_title "cohort-quarter-by-firm A and cohort-quarter-by-firm B"
196.     }
197.     else if `fe_level' == 2 {
198.         egen fe_ct = group(data_cohort q_time)
199.         egen fe_c_A = group(data_cohort A)
200.         egen fe_c_B = group(data_cohort B)
201.         local fe_spec "id fe_ct fe_c_A fe_c_B"
202.         local fe_title "cohort-quarter, cohort-by-firm A, and cohort-by-firm B"
203.     }
204. 
.     * -------- compute sample stats --------
.     count if treat == 0
205.     local obs_control = r(N)
206.     count if treat == 1 & group4 == 0
207.     local obs_group0 = r(N)
208.     count if treat == 1 & group4 == 1
209.     local obs_group1 = r(N)
210.     count if treat == 1 & group4 == 2
211.     local obs_group2 = r(N)
212.     count if treat == 1 & group4 == 3
213.     local obs_group3 = r(N)
214. 
.     tempvar tag_pair_control tag_pair_g0 tag_pair_g1 tag_pair_g2 tag_pair_g3
215.     egen `tag_pair_control' = tag(A B) if treat == 0
216.     egen `tag_pair_g0' = tag(A B) if treat == 1 & group4 == 0
217.     egen `tag_pair_g1' = tag(A B) if treat == 1 & group4 == 1
218.     egen `tag_pair_g2' = tag(A B) if treat == 1 & group4 == 2
219.     egen `tag_pair_g3' = tag(A B) if treat == 1 & group4 == 3
220. 
.     count if `tag_pair_control' == 1
221.     local pairs_control = r(N)
222.     count if `tag_pair_g0' == 1
223.     local pairs_group0 = r(N)
224.     count if `tag_pair_g1' == 1
225.     local pairs_group1 = r(N)
226.     count if `tag_pair_g2' == 1
227.     local pairs_group2 = r(N)
228.     count if `tag_pair_g3' == 1
229.     local pairs_group3 = r(N)
230. 
.     tempvar tag_product_g0 tag_product_g1 tag_product_g2 tag_product_g3
231.     egen `tag_product_g0' = tag(product) if treat == 1 & group4 == 0
232.     egen `tag_product_g1' = tag(product) if treat == 1 & group4 == 1
233.     egen `tag_product_g2' = tag(product) if treat == 1 & group4 == 2
234.     egen `tag_product_g3' = tag(product) if treat == 1 & group4 == 3
235. 
.     count if `tag_product_g0' == 1
236.     local products_group0 = r(N)
237.     count if `tag_product_g1' == 1
238.     local products_group1 = r(N)
239.     count if `tag_product_g2' == 1
240.     local products_group2 = r(N)
241.     count if `tag_product_g3' == 1
242.     local products_group3 = r(N)
243. 
.     di as text "sample counts:"
244.     di as text "obs_control=`obs_control'"
245.     di as text "obs_group0=`obs_group0'"
246.     di as text "obs_group1=`obs_group1'"
247.     di as text "obs_group2=`obs_group2'"
248.     di as text "obs_group3=`obs_group3'"
249.     di as text "pairs_control=`pairs_control'"
250.     di as text "pairs_group0=`pairs_group0'"
251.     di as text "pairs_group1=`pairs_group1'"
252.     di as text "pairs_group2=`pairs_group2'"
253.     di as text "pairs_group3=`pairs_group3'"
254.     di as text "products_group0=`products_group0'"
255.     di as text "products_group1=`products_group1'"
256.     di as text "products_group2=`products_group2'"
257.     di as text "products_group3=`products_group3'"
258. 
.     forvalues g = 0/3 {
259.         local this_obs = .
260.         if `g' == 0 {
261.             local this_obs `obs_group0'
262.         }
263.         else if `g' == 1 {
264.             local this_obs `obs_group1'
265.         }
266.         else if `g' == 2 {
267.             local this_obs `obs_group2'
268.         }
269.         else if `g' == 3 {
270.             local this_obs `obs_group3'
271.         }
272.         if `this_obs' == 0 {
273.             di as result "Warning: no treated observations for group4 == `g'. did_imputation will still run; coefficients may be missing."
274.         }
275.     }
276. 
.     foreach g in 0 1 2 3 {
277.         matrix did_b_g`g' = J(1, `n_total', .)
278.         matrix did_V_g`g' = J(`n_total', `n_total', 0)
279.         matrix colnames did_b_g`g' = `coef_names'
280.         matrix colnames did_V_g`g' = `coef_names'
281.         matrix rownames did_V_g`g' = `coef_names'
282.     }
283. 
.     * -------- run did_imputation --------
.     di as text "fixed effects: `fe_title'"
284.     di as text "did_imputation command:"
285.     di as text "did_imputation y id `timevar' `gvar', fe(`fe_spec') horizons(`did_horizons') pretrends(`did_pretrend') hetby(group4) autosample tol(0.1) minn(0)"
286. 
.     capture noisily did_imputation y id `timevar' `gvar', ///
>         fe(`fe_spec') ///
>         horizons(`did_horizons') ///
>         pretrends(`did_pretrend') ///
>         hetby(group4) ///
>         autosample tol(0.1) minn(0)
287.     local did_rc = _rc
288. 
.     if `did_rc' != 0 {
289.         di as error "did_imputation failed: r(`did_rc'). Skipping this parameter combination."
290.         log close
291.         continue
292.     }
293. 
.     local N_est = e(N)
294.     matrix did_b_full = e(b)
295.     matrix did_V_full = e(V)
296.     local did_ncol = colsof(did_b_full)
297.     local did_names : colnames did_b_full
298. 
.     * -------- map e(b) and e(V) to four group matrices --------
.     forvalues g = 0/3 {
299.         matrix col_map_g`g' = J(1, `n_total', 0)
300. 
.         forvalues i = 1/`n_total' {
301.             local coef_name : word `i' of `coef_names'
302.             local found_col 0
303.             local candidate_list ""
304. 
.             if substr("`coef_name'", 1, 4) == "pre_" {
305.                 local k = substr("`coef_name'", 5, .)
306.                 local candidate_list pre`k'_`g' pre`k'
307.             }
308.             else if substr("`coef_name'", 1, 5) == "post_" {
309.                 local h = substr("`coef_name'", 6, .)
310.                 local candidate_list tau`h'_`g'
311.             }
312. 
.             foreach candidate of local candidate_list {
313.                 if `found_col' == 0 {
314.                     forvalues c = 1/`did_ncol' {
315.                         local cn : word `c' of `did_names'
316.                         if "`cn'" == "`candidate'" {
317.                             local found_col `c'
318.                         }
319.                     }
320.                 }
321.             }
322. 
.             if `found_col' > 0 {
323.                 matrix col_map_g`g'[1, `i'] = `found_col'
324.                 matrix did_b_g`g'[1, `i'] = did_b_full[1, `found_col']
325.             }
326.             else {
327.                 di as result "Coefficient not estimated; leaving missing: group4=`g', coef=`coef_name'"
328.             }
329.         }
330. 
.         forvalues i = 1/`n_total' {
331.             local ci = el(col_map_g`g', 1, `i')
332.             if `ci' == 0 {
333.                 continue
334.             }
335.             forvalues j = 1/`n_total' {
336.                 local cj = el(col_map_g`g', 1, `j')
337.                 if `cj' == 0 {
338.                     continue
339.                 }
340.                 matrix did_V_g`g'[`i', `j'] = did_V_full[`ci', `cj']
341.             }
342.         }
343.     }
344. 
.     * -------- export regression results for re-plotting --------
.     preserve
345.     clear
346.     set obs 0
347. 
.     gen str32 definition = ""
348.     gen str32 event_type = ""
349.     gen str16 control_set = ""
350.     gen str1 treatment_group = ""
351.     gen balanced_only = .
352.     gen fe_level = .
353.     gen str16 target = ""
354.     gen str20 transform = ""
355.     gen group4 = .
356.     gen str32 group_label = ""
357.     gen str16 coef_name = ""
358.     gen rel_quarter = .
359.     gen estimate = .
360.     gen variance = .
361.     gen std_error = .
362.     gen ci_lb_95 = .
363.     gen ci_ub_95 = .
364.     gen N = .
365.     gen obs_control = .
366.     gen obs_group0 = .
367.     gen obs_group1 = .
368.     gen obs_group2 = .
369.     gen obs_group3 = .
370.     gen pairs_control = .
371.     gen pairs_group0 = .
372.     gen pairs_group1 = .
373.     gen pairs_group2 = .
374.     gen pairs_group3 = .
375.     gen products_group0 = .
376.     gen products_group1 = .
377.     gen products_group2 = .
378.     gen products_group3 = .
379. 
.     forvalues g = 0/3 {
380.         local this_group_label "clean_nonshare"
381.         if `g' == 1 {
382.             local this_group_label "clean_share"
383.         }
384.         else if `g' == 2 {
385.             local this_group_label "confounded_nonshare"
386.         }
387.         else if `g' == 3 {
388.             local this_group_label "confounded_share"
389.         }
390. 
.         forvalues i = 1/`n_total' {
391.             local this_coef : word `i' of `coef_names'
392.             local b = el(did_b_g`g', 1, `i')
393.             local v = el(did_V_g`g', `i', `i')
394.             if missing(`b') {
395.                 local v = .
396.             }
397. 
.             local se = .
398.             local lb = .
399.             local ub = .
400.             local rel_q = .
401. 
.             if !missing(`v') & `v' >= 0 {
402.                 local se = sqrt(`v')
403.             }
404.             if !missing(`b') & !missing(`se') {
405.                 local lb = `b' - 1.96 * `se'
406.                 local ub = `b' + 1.96 * `se'
407.             }
408. 
.             if substr("`this_coef'", 1, 4) == "pre_" {
409.                 local rel_q = -real(substr("`this_coef'", 5, .))
410.             }
411.             else if substr("`this_coef'", 1, 5) == "post_" {
412.                 local rel_q = real(substr("`this_coef'", 6, .))
413.             }
414. 
.             local row = _N + 1
415.             set obs `row'
416.             replace definition = "`definition'" in `row'
417.             replace event_type = "`event_type'" in `row'
418.             replace control_set = "`control_set'" in `row'
419.             replace treatment_group = "`treatment_group'" in `row'
420.             replace balanced_only = `balanced_only' in `row'
421.             replace fe_level = `fe_level' in `row'
422.             replace target = "`target'" in `row'
423.             replace transform = "`std'" in `row'
424.             replace group4 = `g' in `row'
425.             replace group_label = "`this_group_label'" in `row'
426.             replace coef_name = "`this_coef'" in `row'
427.             replace rel_quarter = `rel_q' in `row'
428.             replace estimate = `b' in `row'
429.             replace variance = `v' in `row'
430.             replace std_error = `se' in `row'
431.             replace ci_lb_95 = `lb' in `row'
432.             replace ci_ub_95 = `ub' in `row'
433.             replace N = `N_est' in `row'
434.             replace obs_control = `obs_control' in `row'
435.             replace obs_group0 = `obs_group0' in `row'
436.             replace obs_group1 = `obs_group1' in `row'
437.             replace obs_group2 = `obs_group2' in `row'
438.             replace obs_group3 = `obs_group3' in `row'
439.             replace pairs_control = `pairs_control' in `row'
440.             replace pairs_group0 = `pairs_group0' in `row'
441.             replace pairs_group1 = `pairs_group1' in `row'
442.             replace pairs_group2 = `pairs_group2' in `row'
443.             replace pairs_group3 = `pairs_group3' in `row'
444.             replace products_group0 = `products_group0' in `row'
445.             replace products_group1 = `products_group1' in `row'
446.             replace products_group2 = `products_group2' in `row'
447.             replace products_group3 = `products_group3' in `row'
448.         }
449.     }
450. 
.     sort group4 rel_quarter
451.     export delimited using "`csv_path'/`file_stub'.csv", replace
452.     restore
453. 
.     * Common pretrends are copied to all groups in the CSV, but shown once in the graph.
.     forvalues g = 1/3 {
454.         forvalues i = 1/`n_total' {
455.             local coef_name : word `i' of `coef_names'
456.             if substr("`coef_name'", 1, 4) == "pre_" {
457.                 matrix did_b_g`g'[1, `i'] = .
458.                 forvalues j = 1/`n_total' {
459.                     matrix did_V_g`g'[`i', `j'] = 0
460.                     matrix did_V_g`g'[`j', `i'] = 0
461.                 }
462.             }
463.         }
464.     }
465. 
.     * -------- plot four group4 ATT curves together --------
.     capture noisily event_plot did_b_g0#did_V_g0 did_b_g1#did_V_g1 did_b_g2#did_V_g2 did_b_g3#did_V_g3, ///
>         stub_lag(post_# post_# post_# post_#) ///
>         stub_lead(pre_# pre_# pre_# pre_#) ///
>         trimlead(`trimlead') trimlag(`trimlag') ///
>         plottype(scatter) ciplottype(rcap) ///
>         together perturb(-`perturb_span'(`perturb_increment')`perturb_span') noautolegend ///
>         graph_opt( ///
>             title("`definition' `event_type' `control_set' tg=`treatment_group' balanced=`balanced_only' fe=`fe_level' `target' log", size(vsmall)) ///
>             xtitle("Quarters since event", size(small)) ///
>             ytitle("log(`target')", size(small)) ///
>             xlabel(`xlabel_spec', nogrid) ///
>             legend(order(1 "clean, non-share" 3 "clean, share" 5 "confounded, non-share" 7 "confounded, share") ///
>                 rows(2) position(6) region(style(none))) ///
>             xline(-0.5, lcolor(gs8) lpattern(dash)) ///
>             yline(0, lcolor(gs8)) ///
>             graphregion(color(white)) bgcolor(white) ///
>             ylabel(, angle(horizontal)) ///
>         ) ///
>         lag_opt1(msymbol(O) color(black)) lag_ci_opt1(color(black)) ///
>         lag_opt2(msymbol(Th) color(navy)) lag_ci_opt2(color(navy)) ///
>         lag_opt3(msymbol(S) color(maroon)) lag_ci_opt3(color(maroon)) ///
>         lag_opt4(msymbol(D) color(green)) lag_ci_opt4(color(green))
466.     local plot_rc = _rc
467. 
.     if `plot_rc' == 0 {
468.         graph export "`fig_path'/`file_stub'.png", replace width(`graph_width')
469.     }
470.     else {
471.         di as error "event_plot failed: r(`plot_rc'). CSV output was still exported."
472.     }
473. 
.     di as text "success: `file_stub'"
474.     log close
475. 
. }
476. }
477. }
478. }
479. }
480. }
481. }
482. }
---------------------------------------------------------------------------------------------------------------------------------------------------------------------------------------------------------------------------------------------------------------
      name:  <unnamed>
       log:  C:/Users/LENOVO/Desktop/BoardPharma/logs/personnel_did_imputation/medium_board_csuite/to_B_not_in_A/C6B/treatment_group_B/balanced_0/fe2/price1/to_B_not_in_A_C6B_tgB_balanced0_fe2_price1_log_hetby4.log
  log type:  text
 opened on:  16 Jun 2026, 04:55:39
============================================================
personnel did_imputation event-study
input_path=C:/Users/LENOVO/Desktop/BoardPharma/data/personnel_regression_panels/medium_board_csuite/retain3yr/to_B_not_in_A/C6B/treatment_group_B
cohort_list=2009 2010 2011 2012 2013 2014 2015 2016 2017
definition=medium_board_csuite
event_type=to_B_not_in_A
control_set=C6B
treatment_group=B
balanced_only=0
fe_level=2
target=price1
transform=log_transform
timevar=q_time
gvar=event_cohort_q
============================================================
(encoding automatically selected: ISO-8859-1)
(49 vars, 2,064 obs)
(135 missing values generated)
(0 real changes made)
(0 observations deleted)
  2,064
(file C:\Users\LENOVO\AppData\Local\Temp\ST_38d4_000001.tmp not found)
file C:\Users\LENOVO\AppData\Local\Temp\ST_38d4_000001.tmp saved as .dta format
(encoding automatically selected: ISO-8859-1)
(49 vars, 1,279 obs)
(354 missing values generated)
(0 real changes made)
(0 observations deleted)
  1,279
(variable B was str74, now str88 to accommodate using data's values)
(variable BoardName was str74, now str88 to accommodate using data's values)
(variable atc3 was str4, now str7 to accommodate using data's values)
file C:\Users\LENOVO\AppData\Local\Temp\ST_38d4_000001.tmp saved as .dta format
(encoding automatically selected: ISO-8859-1)
(49 vars, 1,983 obs)
(436 missing values generated)
(0 real changes made)
(0 observations deleted)
  1,983
(variable A was str74, now str86 to accommodate using data's values)
(variable B was str74, now str88 to accommodate using data's values)
(variable BoardName was str74, now str88 to accommodate using data's values)
(variable atc3 was str4, now str7 to accommodate using data's values)
file C:\Users\LENOVO\AppData\Local\Temp\ST_38d4_000001.tmp saved as .dta format
(encoding automatically selected: ISO-8859-1)
(49 vars, 1,675 obs)
(536 missing values generated)
(0 real changes made)
(0 observations deleted)
  1,675
(variable A was str74, now str86 to accommodate using data's values)
(variable product was str20, now str25 to accommodate using data's values)
(variable atc3 was str4, now str7 to accommodate using data's values)
file C:\Users\LENOVO\AppData\Local\Temp\ST_38d4_000001.tmp saved as .dta format
(encoding automatically selected: ISO-8859-1)
(49 vars, 2,035 obs)
(602 missing values generated)
(0 real changes made)
(0 observations deleted)
  2,035
(variable A was str78, now str86 to accommodate using data's values)
(variable product was str21, now str25 to accommodate using data's values)
(variable atc3 was str4, now str7 to accommodate using data's values)
file C:\Users\LENOVO\AppData\Local\Temp\ST_38d4_000001.tmp saved as .dta format
(encoding automatically selected: ISO-8859-1)
(49 vars, 1,209 obs)
(662 missing values generated)
(0 real changes made)
(0 observations deleted)
  1,209
(variable A was str78, now str86 to accommodate using data's values)
(variable B was str86, now str94 to accommodate using data's values)
(variable BoardName was str86, now str94 to accommodate using data's values)
(variable product was str20, now str25 to accommodate using data's values)
file C:\Users\LENOVO\AppData\Local\Temp\ST_38d4_000001.tmp saved as .dta format
(encoding automatically selected: ISO-8859-1)
(49 vars, 4,088 obs)
(1,062 missing values generated)
(0 real changes made)
(0 observations deleted)
  4,088
(variable B was str88, now str94 to accommodate using data's values)
(variable BoardName was str88, now str94 to accommodate using data's values)
(variable product was str20, now str25 to accommodate using data's values)
file C:\Users\LENOVO\AppData\Local\Temp\ST_38d4_000001.tmp saved as .dta format
(encoding automatically selected: ISO-8859-1)
(49 vars, 2,275 obs)
(1,512 missing values generated)
(0 real changes made)
(0 observations deleted)
  2,275
(variable B was str78, now str94 to accommodate using data's values)
(variable BoardName was str78, now str94 to accommodate using data's values)
(variable product was str20, now str25 to accommodate using data's values)
(variable atc3 was str4, now str7 to accommodate using data's values)
file C:\Users\LENOVO\AppData\Local\Temp\ST_38d4_000001.tmp saved as .dta format
(encoding automatically selected: ISO-8859-1)
(49 vars, 1,736 obs)
(1,516 missing values generated)
(0 real changes made)
(0 observations deleted)
  1,736
(variable A was str88, now str91 to accommodate using data's values)
(variable B was str87, now str94 to accommodate using data's values)
(variable BoardName was str87, now str94 to accommodate using data's values)
(variable atc3 was str4, now str7 to accommodate using data's values)
file C:\Users\LENOVO\AppData\Local\Temp\ST_38d4_000001.tmp saved as .dta format
used_cohorts= 2009 2010 2011 2012 2013 2014 2015 2016 2017
skipped_cohorts=
(0 real changes made)
(0 real changes made)
(0 real changes made)
(18,344 missing values generated)
(7,837 real changes made)
(986 real changes made)
(1,778 real changes made)
(928 real changes made)
(6,815 real changes made)
  18,344
  6,815
  7,837
  986
  1,778
  928
  20
  55
  17
  10
  5
  412
  57
  149
  60
sample counts:
obs_control=6815
obs_group0=7837
obs_group1=986
obs_group2=1778
obs_group3=928
pairs_control=20
pairs_group0=55
pairs_group1=17
pairs_group2=10
pairs_group3=5
products_group0=412
products_group1=57
products_group2=149
products_group3=60
fixed effects: cohort-quarter, cohort-by-firm A, and cohort-by-firm B
did_imputation command:
did_imputation y id q_time event_cohort_q, fe(id fe_ct fe_c_A fe_c_B) horizons(0/11) pretrends(8) hetby(group4) autosample tol(0.1) minn(0)
Warning: part of the sample was dropped for the following coefficients because FE could not be imputed: tau0_0 tau0_2 tau1_0 tau1_1 tau1_2 tau2_0 tau2_1 tau2_2 tau2_3 tau3_0 tau3_1 tau3_2 tau3_3 tau4_0 tau4_1 tau4_2 tau4_3 tau5_0 tau5_1 tau5_2 tau5_3 tau6
> _0 tau6_1 tau6_2 tau6_3 tau7_0 tau7_1 tau7_2 tau7_3 tau8_0 tau8_1 tau8_2 tau8_3 tau9_0 tau9_1 tau9_2 tau9_3 tau10_0 tau10_1 tau10_2 tau10_3 tau11_0 tau11_1 tau11_2 tau11_3.

                                                        Number of obs = 16,565
------------------------------------------------------------------------------
           y | Coefficient  Std. err.      z    P>|z|     [95% conf. interval]
-------------+----------------------------------------------------------------
      tau0_0 |   .0941219   .0360463     2.61   0.009     .0234725    .1647714
      tau0_1 |   .2602171   .0712088     3.65   0.000     .1206505    .3997837
      tau0_2 |   .0631119    .040713     1.55   0.121    -.0166842    .1429079
      tau0_3 |  -.0834543   .0393066    -2.12   0.034    -.1604938   -.0064148
      tau1_0 |   .0815024   .0399302     2.04   0.041     .0032406    .1597642
      tau1_1 |    .163448   .1011149     1.62   0.106    -.0347335    .3616295
      tau1_2 |   .1008815   .0437721     2.30   0.021     .0150898    .1866732
      tau1_3 |  -.0227712   .0409147    -0.56   0.578    -.1029627    .0574202
      tau2_0 |   .1342838   .0373673     3.59   0.000     .0610452    .2075224
      tau2_1 |   .2318756   .0744861     3.11   0.002     .0858856    .3778656
      tau2_2 |     .13965   .0429278     3.25   0.001     .0555131    .2237868
      tau2_3 |   -.040606   .0566609    -0.72   0.474    -.1516592    .0704473
      tau3_0 |   .0514206   .0390583     1.32   0.188    -.0251322    .1279734
      tau3_1 |    .234522   .0794282     2.95   0.003     .0788457    .3901983
      tau3_2 |    .049373   .0478659     1.03   0.302    -.0444425    .1431886
      tau3_3 |  -.1503906   .0987824    -1.52   0.128    -.3440005    .0432194
      tau4_0 |    .092148   .0410384     2.25   0.025     .0117142    .1725817
      tau4_1 |   .0736174   .0733736     1.00   0.316    -.0701922     .217427
      tau4_2 |   .0312535   .0518181     0.60   0.546    -.0703081    .1328151
      tau4_3 |  -.1539951   .0682328    -2.26   0.024     -.287729   -.0202612
      tau5_0 |   .0952161   .0418841     2.27   0.023     .0131247    .1773075
      tau5_1 |   .0816805   .0757875     1.08   0.281    -.0668602    .2302213
      tau5_2 |   .0527324   .0547879     0.96   0.336    -.0546499    .1601148
      tau5_3 |  -.1096103   .0594125    -1.84   0.065    -.2260567    .0068361
      tau6_0 |   .1308811   .0554768     2.36   0.018     .0221484    .2396137
      tau6_1 |   .1416495     .05908     2.40   0.017     .0258547    .2574442
      tau6_2 |   .0282245   .0633598     0.45   0.656    -.0959585    .1524076
      tau6_3 |  -.1273074   .0595568    -2.14   0.033    -.2440366   -.0105783
      tau7_0 |   .0128829   .0496568     0.26   0.795    -.0844427    .1102084
      tau7_1 |   .1348989   .0975678     1.38   0.167    -.0563305    .3261283
      tau7_2 |   .1798348   .0636283     2.83   0.005     .0551257    .3045439
      tau7_3 |  -.0492066   .1254978    -0.39   0.695    -.2951777    .1967646
      tau8_0 |    .030965    .051428     0.60   0.547    -.0698321     .131762
      tau8_1 |   .0521186   .0797045     0.65   0.513    -.1040993    .2083365
      tau8_2 |   .0950114   .0668617     1.42   0.155    -.0360351    .2260578
      tau8_3 |  -.1862244   .1028142    -1.81   0.070    -.3877366    .0152877
      tau9_0 |    -.02475   .0646242    -0.38   0.702    -.1514111     .101911
      tau9_1 |   .0322094   .0629964     0.51   0.609    -.0912612    .1556801
      tau9_2 |   .0863574   .0666395     1.30   0.195    -.0442537    .2169684
      tau9_3 |  -.0670656   .0907147    -0.74   0.460    -.2448631     .110732
     tau10_0 |    .139984   .0751719     1.86   0.063    -.0073502    .2873182
     tau10_1 |    .280513   .1025939     2.73   0.006     .0794326    .4815934
     tau10_2 |   .0962129    .074639     1.29   0.197     -.050077    .2425027
     tau10_3 |  -.1020017   .0907301    -1.12   0.261    -.2798295    .0758261
     tau11_0 |   .0495344   .0700095     0.71   0.479    -.0876818    .1867506
     tau11_1 |   .1657771   .0633549     2.62   0.009     .0416037    .2899505
     tau11_2 |  -.0068247   .0676261    -0.10   0.920    -.1393694      .12572
     tau11_3 |  -.0348573   .1013598    -0.34   0.731    -.2335189    .1638044
        pre1 |    .086336   .0517188     1.67   0.095     -.015031     .187703
        pre2 |   .1081052   .0503754     2.15   0.032     .0093712    .2068391
        pre3 |   .1074748   .0445808     2.41   0.016      .020098    .1948517
        pre4 |   .0934613   .0404733     2.31   0.021     .0141351    .1727874
        pre5 |   .0403562   .0385887     1.05   0.296    -.0352763    .1159886
        pre6 |   .0405417   .0312671     1.30   0.195    -.0207407     .101824
        pre7 |  -.0208109   .0224188    -0.93   0.353     -.064751    .0231291
        pre8 |          0  (omitted)
------------------------------------------------------------------------------
Number of observations (_N) was 0, now 0.
Number of observations (_N) was 0, now 1.
(1 real change made)
(1 real change made)
(1 real change made)
(1 real change made)
(1 real change made)
(1 real change made)
(1 real change made)
(1 real change made)
(1 real change made)
(1 real change made)
(1 real change made)
(1 real change made)
(1 real change made)
(1 real change made)
(1 real change made)
(1 real change made)
(1 real change made)
(1 real change made)
(1 real change made)
(1 real change made)
(1 real change made)
(1 real change made)
(1 real change made)
(1 real change made)
(1 real change made)
(1 real change made)
(1 real change made)
(1 real change made)
(1 real change made)
(1 real change made)
(1 real change made)
(1 real change made)
Number of observations (_N) was 1, now 2.
(1 real change made)
(1 real change made)
(1 real change made)
(1 real change made)
(1 real change made)
(1 real change made)
(1 real change made)
(1 real change made)
(1 real change made)
(1 real change made)
(1 real change made)
(1 real change made)
(1 real change made)
(1 real change made)
(1 real change made)
(1 real change made)
(1 real change made)
(1 real change made)
(1 real change made)
(1 real change made)
(1 real change made)
(1 real change made)
(1 real change made)
(1 real change made)
(1 real change made)
(1 real change made)
(1 real change made)
(1 real change made)
(1 real change made)
(1 real change made)
(1 real change made)
(1 real change made)
Number of observations (_N) was 2, now 3.
(1 real change made)
(1 real change made)
(1 real change made)
(1 real change made)
(1 real change made)
(1 real change made)
(1 real change made)
(1 real change made)
(1 real change made)
(1 real change made)
(1 real change made)
(1 real change made)
(1 real change made)
(1 real change made)
(1 real change made)
(1 real change made)
(1 real change made)
(1 real change made)
(1 real change made)
(1 real change made)
(1 real change made)
(1 real change made)
(1 real change made)
(1 real change made)
(1 real change made)
(1 real change made)
(1 real change made)
(1 real change made)
(1 real change made)
(1 real change made)
(1 real change made)
(1 real change made)
Number of observations (_N) was 3, now 4.
(1 real change made)
(1 real change made)
(1 real change made)
(1 real change made)
(1 real change made)
(1 real change made)
(1 real change made)
(1 real change made)
(1 real change made)
(1 real change made)
(1 real change made)
(1 real change made)
(1 real change made)
(1 real change made)
(1 real change made)
(1 real change made)
(1 real change made)
(1 real change made)
(1 real change made)
(1 real change made)
(1 real change made)
(1 real change made)
(1 real change made)
(1 real change made)
(1 real change made)
(1 real change made)
(1 real change made)
(1 real change made)
(1 real change made)
(1 real change made)
(1 real change made)
(1 real change made)
Number of observations (_N) was 4, now 5.
(1 real change made)
(1 real change made)
(1 real change made)
(1 real change made)
(1 real change made)
(1 real change made)
(1 real change made)
(1 real change made)
(1 real change made)
(1 real change made)
(1 real change made)
(1 real change made)
(1 real change made)
(1 real change made)
(1 real change made)
(1 real change made)
(1 real change made)
(1 real change made)
(1 real change made)
(1 real change made)
(1 real change made)
(1 real change made)
(1 real change made)
(1 real change made)
(1 real change made)
(1 real change made)
(1 real change made)
(1 real change made)
(1 real change made)
(1 real change made)
(1 real change made)
(1 real change made)
Number of observations (_N) was 5, now 6.
(1 real change made)
(1 real change made)
(1 real change made)
(1 real change made)
(1 real change made)
(1 real change made)
(1 real change made)
(1 real change made)
(1 real change made)
(1 real change made)
(1 real change made)
(1 real change made)
(1 real change made)
(1 real change made)
(1 real change made)
(1 real change made)
(1 real change made)
(1 real change made)
(1 real change made)
(1 real change made)
(1 real change made)
(1 real change made)
(1 real change made)
(1 real change made)
(1 real change made)
(1 real change made)
(1 real change made)
(1 real change made)
(1 real change made)
(1 real change made)
(1 real change made)
(1 real change made)
Number of observations (_N) was 6, now 7.
(1 real change made)
(1 real change made)
(1 real change made)
(1 real change made)
(1 real change made)
(1 real change made)
(1 real change made)
(1 real change made)
(1 real change made)
(1 real change made)
(1 real change made)
(1 real change made)
(1 real change made)
(1 real change made)
(1 real change made)
(1 real change made)
(1 real change made)
(1 real change made)
(1 real change made)
(1 real change made)
(1 real change made)
(1 real change made)
(1 real change made)
(1 real change made)
(1 real change made)
(1 real change made)
(1 real change made)
(1 real change made)
(1 real change made)
(1 real change made)
(1 real change made)
(1 real change made)
Number of observations (_N) was 7, now 8.
(1 real change made)
(1 real change made)
(1 real change made)
(1 real change made)
(1 real change made)
(1 real change made)
(1 real change made)
(1 real change made)
(1 real change made)
(1 real change made)
(1 real change made)
(1 real change made)
(1 real change made)
(1 real change made)
(1 real change made)
(1 real change made)
(1 real change made)
(1 real change made)
(1 real change made)
(1 real change made)
(1 real change made)
(1 real change made)
(1 real change made)
(1 real change made)
(1 real change made)
(1 real change made)
(1 real change made)
(1 real change made)
(1 real change made)
(1 real change made)
(1 real change made)
(1 real change made)
Number of observations (_N) was 8, now 9.
(1 real change made)
(1 real change made)
(1 real change made)
(1 real change made)
(1 real change made)
(1 real change made)
(1 real change made)
(1 real change made)
(1 real change made)
(1 real change made)
(1 real change made)
(1 real change made)
(1 real change made)
(1 real change made)
(1 real change made)
(1 real change made)
(1 real change made)
(1 real change made)
(1 real change made)
(1 real change made)
(1 real change made)
(1 real change made)
(1 real change made)
(1 real change made)
(1 real change made)
(1 real change made)
(1 real change made)
(1 real change made)
(1 real change made)
(1 real change made)
(1 real change made)
(1 real change made)
Number of observations (_N) was 9, now 10.
(1 real change made)
(1 real change made)
(1 real change made)
(1 real change made)
(1 real change made)
(1 real change made)
(1 real change made)
(1 real change made)
(1 real change made)
(1 real change made)
(1 real change made)
(1 real change made)
(1 real change made)
(1 real change made)
(1 real change made)
(1 real change made)
(1 real change made)
(1 real change made)
(1 real change made)
(1 real change made)
(1 real change made)
(1 real change made)
(1 real change made)
(1 real change made)
(1 real change made)
(1 real change made)
(1 real change made)
(1 real change made)
(1 real change made)
(1 real change made)
(1 real change made)
(1 real change made)
Number of observations (_N) was 10, now 11.
(1 real change made)
(1 real change made)
(1 real change made)
(1 real change made)
(1 real change made)
(1 real change made)
(1 real change made)
(1 real change made)
(1 real change made)
(1 real change made)
(1 real change made)
(1 real change made)
(1 real change made)
(1 real change made)
(1 real change made)
(1 real change made)
(1 real change made)
(1 real change made)
(1 real change made)
(1 real change made)
(1 real change made)
(1 real change made)
(1 real change made)
(1 real change made)
(1 real change made)
(1 real change made)
(1 real change made)
(1 real change made)
(1 real change made)
(1 real change made)
(1 real change made)
(1 real change made)
Number of observations (_N) was 11, now 12.
(1 real change made)
(1 real change made)
(1 real change made)
(1 real change made)
(1 real change made)
(1 real change made)
(1 real change made)
(1 real change made)
(1 real change made)
(1 real change made)
(1 real change made)
(1 real change made)
(1 real change made)
(1 real change made)
(1 real change made)
(1 real change made)
(1 real change made)
(1 real change made)
(1 real change made)
(1 real change made)
(1 real change made)
(1 real change made)
(1 real change made)
(1 real change made)
(1 real change made)
(1 real change made)
(1 real change made)
(1 real change made)
(1 real change made)
(1 real change made)
(1 real change made)
(1 real change made)
Number of observations (_N) was 12, now 13.
(1 real change made)
(1 real change made)
(1 real change made)
(1 real change made)
(1 real change made)
(1 real change made)
(1 real change made)
(1 real change made)
(1 real change made)
(1 real change made)
(1 real change made)
(1 real change made)
(1 real change made)
(1 real change made)
(1 real change made)
(1 real change made)
(1 real change made)
(1 real change made)
(1 real change made)
(1 real change made)
(1 real change made)
(1 real change made)
(1 real change made)
(1 real change made)
(1 real change made)
(1 real change made)
(1 real change made)
(1 real change made)
(1 real change made)
(1 real change made)
(1 real change made)
(1 real change made)
Number of observations (_N) was 13, now 14.
(1 real change made)
(1 real change made)
(1 real change made)
(1 real change made)
(1 real change made)
(1 real change made)
(1 real change made)
(1 real change made)
(1 real change made)
(1 real change made)
(1 real change made)
(1 real change made)
(1 real change made)
(1 real change made)
(1 real change made)
(1 real change made)
(1 real change made)
(1 real change made)
(1 real change made)
(1 real change made)
(1 real change made)
(1 real change made)
(1 real change made)
(1 real change made)
(1 real change made)
(1 real change made)
(1 real change made)
(1 real change made)
(1 real change made)
(1 real change made)
(1 real change made)
(1 real change made)
Number of observations (_N) was 14, now 15.
(1 real change made)
(1 real change made)
(1 real change made)
(1 real change made)
(1 real change made)
(1 real change made)
(1 real change made)
(1 real change made)
(1 real change made)
(1 real change made)
(1 real change made)
(1 real change made)
(1 real change made)
(1 real change made)
(1 real change made)
(1 real change made)
(1 real change made)
(1 real change made)
(1 real change made)
(1 real change made)
(1 real change made)
(1 real change made)
(1 real change made)
(1 real change made)
(1 real change made)
(1 real change made)
(1 real change made)
(1 real change made)
(1 real change made)
(1 real change made)
(1 real change made)
(1 real change made)
Number of observations (_N) was 15, now 16.
(1 real change made)
(1 real change made)
(1 real change made)
(1 real change made)
(1 real change made)
(1 real change made)
(1 real change made)
(1 real change made)
(1 real change made)
(1 real change made)
(1 real change made)
(1 real change made)
(1 real change made)
(1 real change made)
(1 real change made)
(1 real change made)
(1 real change made)
(1 real change made)
(1 real change made)
(1 real change made)
(1 real change made)
(1 real change made)
(1 real change made)
(1 real change made)
(1 real change made)
(1 real change made)
(1 real change made)
(1 real change made)
(1 real change made)
(1 real change made)
(1 real change made)
(1 real change made)
Number of observations (_N) was 16, now 17.
(1 real change made)
(1 real change made)
(1 real change made)
(1 real change made)
(1 real change made)
(1 real change made)
(1 real change made)
(1 real change made)
(1 real change made)
(1 real change made)
(1 real change made)
(1 real change made)
(1 real change made)
(1 real change made)
(1 real change made)
(1 real change made)
(1 real change made)
(1 real change made)
(1 real change made)
(1 real change made)
(1 real change made)
(1 real change made)
(1 real change made)
(1 real change made)
(1 real change made)
(1 real change made)
(1 real change made)
(1 real change made)
(1 real change made)
(1 real change made)
(1 real change made)
(1 real change made)
Number of observations (_N) was 17, now 18.
(1 real change made)
(1 real change made)
(1 real change made)
(1 real change made)
(1 real change made)
(1 real change made)
(1 real change made)
(1 real change made)
(1 real change made)
(1 real change made)
(1 real change made)
(1 real change made)
(1 real change made)
(1 real change made)
(1 real change made)
(1 real change made)
(1 real change made)
(1 real change made)
(1 real change made)
(1 real change made)
(1 real change made)
(1 real change made)
(1 real change made)
(1 real change made)
(1 real change made)
(1 real change made)
(1 real change made)
(1 real change made)
(1 real change made)
(1 real change made)
(1 real change made)
(1 real change made)
Number of observations (_N) was 18, now 19.
(1 real change made)
(1 real change made)
(1 real change made)
(1 real change made)
(1 real change made)
(1 real change made)
(1 real change made)
(1 real change made)
(1 real change made)
(1 real change made)
(1 real change made)
(1 real change made)
(1 real change made)
(1 real change made)
(1 real change made)
(1 real change made)
(1 real change made)
(1 real change made)
(1 real change made)
(1 real change made)
(1 real change made)
(1 real change made)
(1 real change made)
(1 real change made)
(1 real change made)
(1 real change made)
(1 real change made)
(1 real change made)
(1 real change made)
(1 real change made)
(1 real change made)
(1 real change made)
Number of observations (_N) was 19, now 20.
(1 real change made)
(1 real change made)
(1 real change made)
(1 real change made)
(1 real change made)
(1 real change made)
(1 real change made)
(1 real change made)
(1 real change made)
(1 real change made)
(1 real change made)
(1 real change made)
(1 real change made)
(1 real change made)
(1 real change made)
(1 real change made)
(1 real change made)
(1 real change made)
(1 real change made)
(1 real change made)
(1 real change made)
(1 real change made)
(1 real change made)
(1 real change made)
(1 real change made)
(1 real change made)
(1 real change made)
(1 real change made)
(1 real change made)
(1 real change made)
(1 real change made)
(1 real change made)
Number of observations (_N) was 20, now 21.
(1 real change made)
(1 real change made)
(1 real change made)
(1 real change made)
(1 real change made)
(1 real change made)
(1 real change made)
(1 real change made)
(1 real change made)
(1 real change made)
(1 real change made)
(1 real change made)
(1 real change made)
(1 real change made)
(1 real change made)
(1 real change made)
(1 real change made)
(1 real change made)
(1 real change made)
(1 real change made)
(1 real change made)
(1 real change made)
(1 real change made)
(1 real change made)
(1 real change made)
(1 real change made)
(1 real change made)
(1 real change made)
(1 real change made)
(1 real change made)
(1 real change made)
(1 real change made)
Number of observations (_N) was 21, now 22.
(1 real change made)
(1 real change made)
(1 real change made)
(1 real change made)
(1 real change made)
(1 real change made)
(1 real change made)
(1 real change made)
(1 real change made)
(1 real change made)
(1 real change made)
(1 real change made)
(1 real change made)
(1 real change made)
(1 real change made)
(1 real change made)
(1 real change made)
(1 real change made)
(1 real change made)
(1 real change made)
(1 real change made)
(1 real change made)
(1 real change made)
(1 real change made)
(1 real change made)
(1 real change made)
(1 real change made)
(1 real change made)
(1 real change made)
(1 real change made)
(1 real change made)
(1 real change made)
Number of observations (_N) was 22, now 23.
(1 real change made)
(1 real change made)
(1 real change made)
(1 real change made)
(1 real change made)
(1 real change made)
(1 real change made)
(1 real change made)
(1 real change made)
(1 real change made)
(1 real change made)
(1 real change made)
(1 real change made)
(1 real change made)
(1 real change made)
(1 real change made)
(1 real change made)
(1 real change made)
(1 real change made)
(1 real change made)
(1 real change made)
(1 real change made)
(1 real change made)
(1 real change made)
(1 real change made)
(1 real change made)
(1 real change made)
(1 real change made)
(1 real change made)
(1 real change made)
(1 real change made)
(1 real change made)
Number of observations (_N) was 23, now 24.
(1 real change made)
(1 real change made)
(1 real change made)
(1 real change made)
(1 real change made)
(1 real change made)
(1 real change made)
(1 real change made)
(1 real change made)
(1 real change made)
(1 real change made)
(1 real change made)
(1 real change made)
(1 real change made)
(1 real change made)
(1 real change made)
(1 real change made)
(1 real change made)
(1 real change made)
(1 real change made)
(1 real change made)
(1 real change made)
(1 real change made)
(1 real change made)
(1 real change made)
(1 real change made)
(1 real change made)
(1 real change made)
(1 real change made)
(1 real change made)
(1 real change made)
(1 real change made)
Number of observations (_N) was 24, now 25.
(1 real change made)
(1 real change made)
(1 real change made)
(1 real change made)
(1 real change made)
(1 real change made)
(1 real change made)
(1 real change made)
(1 real change made)
(1 real change made)
(1 real change made)
(1 real change made)
(1 real change made)
(1 real change made)
(1 real change made)
(1 real change made)
(1 real change made)
(1 real change made)
(1 real change made)
(1 real change made)
(1 real change made)
(1 real change made)
(1 real change made)
(1 real change made)
(1 real change made)
(1 real change made)
(1 real change made)
(1 real change made)
(1 real change made)
(1 real change made)
(1 real change made)
(1 real change made)
Number of observations (_N) was 25, now 26.
(1 real change made)
(1 real change made)
(1 real change made)
(1 real change made)
(1 real change made)
(1 real change made)
(1 real change made)
(1 real change made)
(1 real change made)
(1 real change made)
(1 real change made)
(1 real change made)
(1 real change made)
(1 real change made)
(1 real change made)
(1 real change made)
(1 real change made)
(1 real change made)
(1 real change made)
(1 real change made)
(1 real change made)
(1 real change made)
(1 real change made)
(1 real change made)
(1 real change made)
(1 real change made)
(1 real change made)
(1 real change made)
(1 real change made)
(1 real change made)
(1 real change made)
(1 real change made)
Number of observations (_N) was 26, now 27.
(1 real change made)
(1 real change made)
(1 real change made)
(1 real change made)
(1 real change made)
(1 real change made)
(1 real change made)
(1 real change made)
(1 real change made)
(1 real change made)
(1 real change made)
(1 real change made)
(1 real change made)
(1 real change made)
(1 real change made)
(1 real change made)
(1 real change made)
(1 real change made)
(1 real change made)
(1 real change made)
(1 real change made)
(1 real change made)
(1 real change made)
(1 real change made)
(1 real change made)
(1 real change made)
(1 real change made)
(1 real change made)
(1 real change made)
(1 real change made)
(1 real change made)
(1 real change made)
Number of observations (_N) was 27, now 28.
(1 real change made)
(1 real change made)
(1 real change made)
(1 real change made)
(1 real change made)
(1 real change made)
(1 real change made)
(1 real change made)
(1 real change made)
(1 real change made)
(1 real change made)
(1 real change made)
(1 real change made)
(1 real change made)
(1 real change made)
(1 real change made)
(1 real change made)
(1 real change made)
(1 real change made)
(1 real change made)
(1 real change made)
(1 real change made)
(1 real change made)
(1 real change made)
(1 real change made)
(1 real change made)
(1 real change made)
(1 real change made)
(1 real change made)
(1 real change made)
(1 real change made)
(1 real change made)
Number of observations (_N) was 28, now 29.
(1 real change made)
(1 real change made)
(1 real change made)
(1 real change made)
(1 real change made)
(1 real change made)
(1 real change made)
(1 real change made)
(1 real change made)
(1 real change made)
(1 real change made)
(1 real change made)
(1 real change made)
(1 real change made)
(1 real change made)
(1 real change made)
(1 real change made)
(1 real change made)
(1 real change made)
(1 real change made)
(1 real change made)
(1 real change made)
(1 real change made)
(1 real change made)
(1 real change made)
(1 real change made)
(1 real change made)
(1 real change made)
(1 real change made)
(1 real change made)
(1 real change made)
(1 real change made)
Number of observations (_N) was 29, now 30.
(1 real change made)
(1 real change made)
(1 real change made)
(1 real change made)
(1 real change made)
(1 real change made)
(1 real change made)
(1 real change made)
(1 real change made)
(1 real change made)
(1 real change made)
(1 real change made)
(1 real change made)
(1 real change made)
(1 real change made)
(1 real change made)
(1 real change made)
(1 real change made)
(1 real change made)
(1 real change made)
(1 real change made)
(1 real change made)
(1 real change made)
(1 real change made)
(1 real change made)
(1 real change made)
(1 real change made)
(1 real change made)
(1 real change made)
(1 real change made)
(1 real change made)
(1 real change made)
Number of observations (_N) was 30, now 31.
(1 real change made)
(1 real change made)
(1 real change made)
(1 real change made)
(1 real change made)
(1 real change made)
(1 real change made)
(1 real change made)
(1 real change made)
(1 real change made)
(1 real change made)
(1 real change made)
(1 real change made)
(1 real change made)
(1 real change made)
(1 real change made)
(1 real change made)
(1 real change made)
(1 real change made)
(1 real change made)
(1 real change made)
(1 real change made)
(1 real change made)
(1 real change made)
(1 real change made)
(1 real change made)
(1 real change made)
(1 real change made)
(1 real change made)
(1 real change made)
(1 real change made)
(1 real change made)
Number of observations (_N) was 31, now 32.
(1 real change made)
(1 real change made)
(1 real change made)
(1 real change made)
(1 real change made)
(1 real change made)
(1 real change made)
(1 real change made)
(1 real change made)
(1 real change made)
(1 real change made)
(1 real change made)
(1 real change made)
(1 real change made)
(1 real change made)
(1 real change made)
(1 real change made)
(1 real change made)
(1 real change made)
(1 real change made)
(1 real change made)
(1 real change made)
(1 real change made)
(1 real change made)
(1 real change made)
(1 real change made)
(1 real change made)
(1 real change made)
(1 real change made)
(1 real change made)
(1 real change made)
(1 real change made)
Number of observations (_N) was 32, now 33.
(1 real change made)
(1 real change made)
(1 real change made)
(1 real change made)
(1 real change made)
(1 real change made)
(1 real change made)
(1 real change made)
(1 real change made)
(1 real change made)
(1 real change made)
(1 real change made)
(1 real change made)
(1 real change made)
(1 real change made)
(1 real change made)
(1 real change made)
(1 real change made)
(1 real change made)
(1 real change made)
(1 real change made)
(1 real change made)
(1 real change made)
(1 real change made)
(1 real change made)
(1 real change made)
(1 real change made)
(1 real change made)
(1 real change made)
(1 real change made)
(1 real change made)
(1 real change made)
Number of observations (_N) was 33, now 34.
(1 real change made)
(1 real change made)
(1 real change made)
(1 real change made)
(1 real change made)
(1 real change made)
(1 real change made)
(1 real change made)
(1 real change made)
(1 real change made)
(1 real change made)
(1 real change made)
(1 real change made)
(1 real change made)
(1 real change made)
(1 real change made)
(1 real change made)
(1 real change made)
(1 real change made)
(1 real change made)
(1 real change made)
(1 real change made)
(1 real change made)
(1 real change made)
(1 real change made)
(1 real change made)
(1 real change made)
(1 real change made)
(1 real change made)
(1 real change made)
(1 real change made)
(1 real change made)
Number of observations (_N) was 34, now 35.
(1 real change made)
(1 real change made)
(1 real change made)
(1 real change made)
(1 real change made)
(1 real change made)
(1 real change made)
(1 real change made)
(1 real change made)
(1 real change made)
(1 real change made)
(1 real change made)
(1 real change made)
(1 real change made)
(1 real change made)
(1 real change made)
(1 real change made)
(1 real change made)
(1 real change made)
(1 real change made)
(1 real change made)
(1 real change made)
(1 real change made)
(1 real change made)
(1 real change made)
(1 real change made)
(1 real change made)
(1 real change made)
(1 real change made)
(1 real change made)
(1 real change made)
(1 real change made)
Number of observations (_N) was 35, now 36.
(1 real change made)
(1 real change made)
(1 real change made)
(1 real change made)
(1 real change made)
(1 real change made)
(1 real change made)
(1 real change made)
(1 real change made)
(1 real change made)
(1 real change made)
(1 real change made)
(1 real change made)
(1 real change made)
(1 real change made)
(1 real change made)
(1 real change made)
(1 real change made)
(1 real change made)
(1 real change made)
(1 real change made)
(1 real change made)
(1 real change made)
(1 real change made)
(1 real change made)
(1 real change made)
(1 real change made)
(1 real change made)
(1 real change made)
(1 real change made)
(1 real change made)
(1 real change made)
Number of observations (_N) was 36, now 37.
(1 real change made)
(1 real change made)
(1 real change made)
(1 real change made)
(1 real change made)
(1 real change made)
(1 real change made)
(1 real change made)
(1 real change made)
(1 real change made)
(1 real change made)
(1 real change made)
(1 real change made)
(1 real change made)
(1 real change made)
(1 real change made)
(1 real change made)
(1 real change made)
(1 real change made)
(1 real change made)
(1 real change made)
(1 real change made)
(1 real change made)
(1 real change made)
(1 real change made)
(1 real change made)
(1 real change made)
(1 real change made)
(1 real change made)
(1 real change made)
(1 real change made)
(1 real change made)
Number of observations (_N) was 37, now 38.
(1 real change made)
(1 real change made)
(1 real change made)
(1 real change made)
(1 real change made)
(1 real change made)
(1 real change made)
(1 real change made)
(1 real change made)
(1 real change made)
(1 real change made)
(1 real change made)
(1 real change made)
(1 real change made)
(1 real change made)
(1 real change made)
(1 real change made)
(1 real change made)
(1 real change made)
(1 real change made)
(1 real change made)
(1 real change made)
(1 real change made)
(1 real change made)
(1 real change made)
(1 real change made)
(1 real change made)
(1 real change made)
(1 real change made)
(1 real change made)
(1 real change made)
(1 real change made)
Number of observations (_N) was 38, now 39.
(1 real change made)
(1 real change made)
(1 real change made)
(1 real change made)
(1 real change made)
(1 real change made)
(1 real change made)
(1 real change made)
(1 real change made)
(1 real change made)
(1 real change made)
(1 real change made)
(1 real change made)
(1 real change made)
(1 real change made)
(1 real change made)
(1 real change made)
(1 real change made)
(1 real change made)
(1 real change made)
(1 real change made)
(1 real change made)
(1 real change made)
(1 real change made)
(1 real change made)
(1 real change made)
(1 real change made)
(1 real change made)
(1 real change made)
(1 real change made)
(1 real change made)
(1 real change made)
Number of observations (_N) was 39, now 40.
(1 real change made)
(1 real change made)
(1 real change made)
(1 real change made)
(1 real change made)
(1 real change made)
(1 real change made)
(1 real change made)
(1 real change made)
(1 real change made)
(1 real change made)
(1 real change made)
(1 real change made)
(1 real change made)
(1 real change made)
(1 real change made)
(1 real change made)
(1 real change made)
(1 real change made)
(1 real change made)
(1 real change made)
(1 real change made)
(1 real change made)
(1 real change made)
(1 real change made)
(1 real change made)
(1 real change made)
(1 real change made)
(1 real change made)
(1 real change made)
(1 real change made)
(1 real change made)
Number of observations (_N) was 40, now 41.
(1 real change made)
(1 real change made)
(1 real change made)
(1 real change made)
(1 real change made)
(1 real change made)
(1 real change made)
(1 real change made)
(1 real change made)
(1 real change made)
(1 real change made)
(1 real change made)
(1 real change made)
(1 real change made)
(1 real change made)
(1 real change made)
(1 real change made)
(1 real change made)
(1 real change made)
(1 real change made)
(1 real change made)
(1 real change made)
(1 real change made)
(1 real change made)
(1 real change made)
(1 real change made)
(1 real change made)
(1 real change made)
(1 real change made)
(1 real change made)
(1 real change made)
(1 real change made)
Number of observations (_N) was 41, now 42.
(1 real change made)
(1 real change made)
(1 real change made)
(1 real change made)
(1 real change made)
(1 real change made)
(1 real change made)
(1 real change made)
(1 real change made)
(1 real change made)
(1 real change made)
(1 real change made)
(1 real change made)
(1 real change made)
(1 real change made)
(1 real change made)
(1 real change made)
(1 real change made)
(1 real change made)
(1 real change made)
(1 real change made)
(1 real change made)
(1 real change made)
(1 real change made)
(1 real change made)
(1 real change made)
(1 real change made)
(1 real change made)
(1 real change made)
(1 real change made)
(1 real change made)
(1 real change made)
Number of observations (_N) was 42, now 43.
(1 real change made)
(1 real change made)
(1 real change made)
(1 real change made)
(1 real change made)
(1 real change made)
(1 real change made)
(1 real change made)
(1 real change made)
(1 real change made)
(1 real change made)
(1 real change made)
(1 real change made)
(1 real change made)
(1 real change made)
(1 real change made)
(1 real change made)
(1 real change made)
(1 real change made)
(1 real change made)
(1 real change made)
(1 real change made)
(1 real change made)
(1 real change made)
(1 real change made)
(1 real change made)
(1 real change made)
(1 real change made)
(1 real change made)
(1 real change made)
(1 real change made)
(1 real change made)
Number of observations (_N) was 43, now 44.
(1 real change made)
(1 real change made)
(1 real change made)
(1 real change made)
(1 real change made)
(1 real change made)
(1 real change made)
(1 real change made)
(1 real change made)
(1 real change made)
(1 real change made)
(1 real change made)
(1 real change made)
(1 real change made)
(1 real change made)
(1 real change made)
(1 real change made)
(1 real change made)
(1 real change made)
(1 real change made)
(1 real change made)
(1 real change made)
(1 real change made)
(1 real change made)
(1 real change made)
(1 real change made)
(1 real change made)
(1 real change made)
(1 real change made)
(1 real change made)
(1 real change made)
(1 real change made)
Number of observations (_N) was 44, now 45.
(1 real change made)
(1 real change made)
(1 real change made)
(1 real change made)
(1 real change made)
(1 real change made)
(1 real change made)
(1 real change made)
(1 real change made)
(1 real change made)
(1 real change made)
(1 real change made)
(1 real change made)
(1 real change made)
(1 real change made)
(1 real change made)
(1 real change made)
(1 real change made)
(1 real change made)
(1 real change made)
(1 real change made)
(1 real change made)
(1 real change made)
(1 real change made)
(1 real change made)
(1 real change made)
(1 real change made)
(1 real change made)
(1 real change made)
(1 real change made)
(1 real change made)
(1 real change made)
Number of observations (_N) was 45, now 46.
(1 real change made)
(1 real change made)
(1 real change made)
(1 real change made)
(1 real change made)
(1 real change made)
(1 real change made)
(1 real change made)
(1 real change made)
(1 real change made)
(1 real change made)
(1 real change made)
(1 real change made)
(1 real change made)
(1 real change made)
(1 real change made)
(1 real change made)
(1 real change made)
(1 real change made)
(1 real change made)
(1 real change made)
(1 real change made)
(1 real change made)
(1 real change made)
(1 real change made)
(1 real change made)
(1 real change made)
(1 real change made)
(1 real change made)
(1 real change made)
(1 real change made)
(1 real change made)
Number of observations (_N) was 46, now 47.
(1 real change made)
(1 real change made)
(1 real change made)
(1 real change made)
(1 real change made)
(1 real change made)
(1 real change made)
(1 real change made)
(1 real change made)
(1 real change made)
(1 real change made)
(1 real change made)
(1 real change made)
(1 real change made)
(1 real change made)
(1 real change made)
(1 real change made)
(1 real change made)
(1 real change made)
(1 real change made)
(1 real change made)
(1 real change made)
(1 real change made)
(1 real change made)
(1 real change made)
(1 real change made)
(1 real change made)
(1 real change made)
(1 real change made)
(1 real change made)
(1 real change made)
(1 real change made)
Number of observations (_N) was 47, now 48.
(1 real change made)
(1 real change made)
(1 real change made)
(1 real change made)
(1 real change made)
(1 real change made)
(1 real change made)
(1 real change made)
(1 real change made)
(1 real change made)
(1 real change made)
(1 real change made)
(1 real change made)
(1 real change made)
(1 real change made)
(1 real change made)
(1 real change made)
(1 real change made)
(1 real change made)
(1 real change made)
(1 real change made)
(1 real change made)
(1 real change made)
(1 real change made)
(1 real change made)
(1 real change made)
(1 real change made)
(1 real change made)
(1 real change made)
(1 real change made)
(1 real change made)
(1 real change made)
Number of observations (_N) was 48, now 49.
(1 real change made)
(1 real change made)
(1 real change made)
(1 real change made)
(1 real change made)
(1 real change made)
(1 real change made)
(1 real change made)
(1 real change made)
(1 real change made)
(1 real change made)
(1 real change made)
(1 real change made)
(1 real change made)
(1 real change made)
(1 real change made)
(1 real change made)
(1 real change made)
(1 real change made)
(1 real change made)
(1 real change made)
(1 real change made)
(1 real change made)
(1 real change made)
(1 real change made)
(1 real change made)
(1 real change made)
(1 real change made)
(1 real change made)
(1 real change made)
(1 real change made)
(1 real change made)
Number of observations (_N) was 49, now 50.
(1 real change made)
(1 real change made)
(1 real change made)
(1 real change made)
(1 real change made)
(1 real change made)
(1 real change made)
(1 real change made)
(1 real change made)
(1 real change made)
(1 real change made)
(1 real change made)
(1 real change made)
(1 real change made)
(1 real change made)
(1 real change made)
(1 real change made)
(1 real change made)
(1 real change made)
(1 real change made)
(1 real change made)
(1 real change made)
(1 real change made)
(1 real change made)
(1 real change made)
(1 real change made)
(1 real change made)
(1 real change made)
(1 real change made)
(1 real change made)
(1 real change made)
(1 real change made)
Number of observations (_N) was 50, now 51.
(1 real change made)
(1 real change made)
(1 real change made)
(1 real change made)
(1 real change made)
(1 real change made)
(1 real change made)
(1 real change made)
(1 real change made)
(1 real change made)
(1 real change made)
(1 real change made)
(1 real change made)
(1 real change made)
(1 real change made)
(1 real change made)
(1 real change made)
(1 real change made)
(1 real change made)
(1 real change made)
(1 real change made)
(1 real change made)
(1 real change made)
(1 real change made)
(1 real change made)
(1 real change made)
(1 real change made)
(1 real change made)
(1 real change made)
(1 real change made)
(1 real change made)
(1 real change made)
Number of observations (_N) was 51, now 52.
(1 real change made)
(1 real change made)
(1 real change made)
(1 real change made)
(1 real change made)
(1 real change made)
(1 real change made)
(1 real change made)
(1 real change made)
(1 real change made)
(1 real change made)
(1 real change made)
(1 real change made)
(1 real change made)
(1 real change made)
(1 real change made)
(1 real change made)
(1 real change made)
(1 real change made)
(1 real change made)
(1 real change made)
(1 real change made)
(1 real change made)
(1 real change made)
(1 real change made)
(1 real change made)
(1 real change made)
(1 real change made)
(1 real change made)
(1 real change made)
(1 real change made)
(1 real change made)
Number of observations (_N) was 52, now 53.
(1 real change made)
(1 real change made)
(1 real change made)
(1 real change made)
(1 real change made)
(1 real change made)
(1 real change made)
(1 real change made)
(1 real change made)
(1 real change made)
(1 real change made)
(1 real change made)
(1 real change made)
(1 real change made)
(1 real change made)
(1 real change made)
(1 real change made)
(1 real change made)
(1 real change made)
(1 real change made)
(1 real change made)
(1 real change made)
(1 real change made)
(1 real change made)
(1 real change made)
(1 real change made)
(1 real change made)
(1 real change made)
(1 real change made)
(1 real change made)
(1 real change made)
(1 real change made)
Number of observations (_N) was 53, now 54.
(1 real change made)
(1 real change made)
(1 real change made)
(1 real change made)
(1 real change made)
(1 real change made)
(1 real change made)
(1 real change made)
(1 real change made)
(1 real change made)
(1 real change made)
(1 real change made)
(1 real change made)
(1 real change made)
(1 real change made)
(1 real change made)
(1 real change made)
(1 real change made)
(1 real change made)
(1 real change made)
(1 real change made)
(1 real change made)
(1 real change made)
(1 real change made)
(1 real change made)
(1 real change made)
(1 real change made)
(1 real change made)
(1 real change made)
(1 real change made)
(1 real change made)
(1 real change made)
Number of observations (_N) was 54, now 55.
(1 real change made)
(1 real change made)
(1 real change made)
(1 real change made)
(1 real change made)
(1 real change made)
(1 real change made)
(1 real change made)
(1 real change made)
(1 real change made)
(1 real change made)
(1 real change made)
(1 real change made)
(1 real change made)
(1 real change made)
(1 real change made)
(1 real change made)
(1 real change made)
(1 real change made)
(1 real change made)
(1 real change made)
(1 real change made)
(1 real change made)
(1 real change made)
(1 real change made)
(1 real change made)
(1 real change made)
(1 real change made)
(1 real change made)
(1 real change made)
(1 real change made)
(1 real change made)
Number of observations (_N) was 55, now 56.
(1 real change made)
(1 real change made)
(1 real change made)
(1 real change made)
(1 real change made)
(1 real change made)
(1 real change made)
(1 real change made)
(1 real change made)
(1 real change made)
(1 real change made)
(1 real change made)
(1 real change made)
(1 real change made)
(1 real change made)
(1 real change made)
(1 real change made)
(1 real change made)
(1 real change made)
(1 real change made)
(1 real change made)
(1 real change made)
(1 real change made)
(1 real change made)
(1 real change made)
(1 real change made)
(1 real change made)
(1 real change made)
(1 real change made)
(1 real change made)
(1 real change made)
(1 real change made)
Number of observations (_N) was 56, now 57.
(1 real change made)
(1 real change made)
(1 real change made)
(1 real change made)
(1 real change made)
(1 real change made)
(1 real change made)
(1 real change made)
(1 real change made)
(1 real change made)
(1 real change made)
(1 real change made)
(1 real change made)
(1 real change made)
(1 real change made)
(1 real change made)
(1 real change made)
(1 real change made)
(1 real change made)
(1 real change made)
(1 real change made)
(1 real change made)
(1 real change made)
(1 real change made)
(1 real change made)
(1 real change made)
(1 real change made)
(1 real change made)
(1 real change made)
(1 real change made)
(1 real change made)
(1 real change made)
Number of observations (_N) was 57, now 58.
(1 real change made)
(1 real change made)
(1 real change made)
(1 real change made)
(1 real change made)
(1 real change made)
(1 real change made)
(1 real change made)
(1 real change made)
(1 real change made)
(1 real change made)
(1 real change made)
(1 real change made)
(1 real change made)
(1 real change made)
(1 real change made)
(1 real change made)
(1 real change made)
(1 real change made)
(1 real change made)
(1 real change made)
(1 real change made)
(1 real change made)
(1 real change made)
(1 real change made)
(1 real change made)
(1 real change made)
(1 real change made)
(1 real change made)
(1 real change made)
(1 real change made)
(1 real change made)
Number of observations (_N) was 58, now 59.
(1 real change made)
(1 real change made)
(1 real change made)
(1 real change made)
(1 real change made)
(1 real change made)
(1 real change made)
(1 real change made)
(1 real change made)
(1 real change made)
(1 real change made)
(1 real change made)
(1 real change made)
(1 real change made)
(1 real change made)
(1 real change made)
(1 real change made)
(1 real change made)
(1 real change made)
(1 real change made)
(1 real change made)
(1 real change made)
(1 real change made)
(1 real change made)
(1 real change made)
(1 real change made)
(1 real change made)
(1 real change made)
(1 real change made)
(1 real change made)
(1 real change made)
(1 real change made)
Number of observations (_N) was 59, now 60.
(1 real change made)
(1 real change made)
(1 real change made)
(1 real change made)
(1 real change made)
(1 real change made)
(1 real change made)
(1 real change made)
(1 real change made)
(1 real change made)
(1 real change made)
(1 real change made)
(1 real change made)
(1 real change made)
(1 real change made)
(1 real change made)
(1 real change made)
(1 real change made)
(1 real change made)
(1 real change made)
(1 real change made)
(1 real change made)
(1 real change made)
(1 real change made)
(1 real change made)
(1 real change made)
(1 real change made)
(1 real change made)
(1 real change made)
(1 real change made)
(1 real change made)
(1 real change made)
Number of observations (_N) was 60, now 61.
(1 real change made)
(1 real change made)
(1 real change made)
(1 real change made)
(1 real change made)
(1 real change made)
(1 real change made)
(1 real change made)
(1 real change made)
(1 real change made)
(1 real change made)
(1 real change made)
(1 real change made)
(1 real change made)
(1 real change made)
(1 real change made)
(1 real change made)
(1 real change made)
(1 real change made)
(1 real change made)
(1 real change made)
(1 real change made)
(1 real change made)
(1 real change made)
(1 real change made)
(1 real change made)
(1 real change made)
(1 real change made)
(1 real change made)
(1 real change made)
(1 real change made)
(1 real change made)
Number of observations (_N) was 61, now 62.
(1 real change made)
(1 real change made)
(1 real change made)
(1 real change made)
(1 real change made)
(1 real change made)
(1 real change made)
(1 real change made)
(1 real change made)
(1 real change made)
(1 real change made)
(1 real change made)
(1 real change made)
(1 real change made)
(1 real change made)
(1 real change made)
(1 real change made)
(1 real change made)
(1 real change made)
(1 real change made)
(1 real change made)
(1 real change made)
(1 real change made)
(1 real change made)
(1 real change made)
(1 real change made)
(1 real change made)
(1 real change made)
(1 real change made)
(1 real change made)
(1 real change made)
(1 real change made)
Number of observations (_N) was 62, now 63.
(1 real change made)
(1 real change made)
(1 real change made)
(1 real change made)
(1 real change made)
(1 real change made)
(1 real change made)
(1 real change made)
(1 real change made)
(1 real change made)
(1 real change made)
(1 real change made)
(1 real change made)
(1 real change made)
(1 real change made)
(1 real change made)
(1 real change made)
(1 real change made)
(1 real change made)
(1 real change made)
(1 real change made)
(1 real change made)
(1 real change made)
(1 real change made)
(1 real change made)
(1 real change made)
(1 real change made)
(1 real change made)
(1 real change made)
(1 real change made)
(1 real change made)
(1 real change made)
Number of observations (_N) was 63, now 64.
(1 real change made)
(1 real change made)
(1 real change made)
(1 real change made)
(1 real change made)
(1 real change made)
(1 real change made)
(1 real change made)
(1 real change made)
(1 real change made)
(1 real change made)
(1 real change made)
(1 real change made)
(1 real change made)
(1 real change made)
(1 real change made)
(1 real change made)
(1 real change made)
(1 real change made)
(1 real change made)
(1 real change made)
(1 real change made)
(1 real change made)
(1 real change made)
(1 real change made)
(1 real change made)
(1 real change made)
(1 real change made)
(1 real change made)
(1 real change made)
(1 real change made)
(1 real change made)
Number of observations (_N) was 64, now 65.
(1 real change made)
(1 real change made)
(1 real change made)
(1 real change made)
(1 real change made)
(1 real change made)
(1 real change made)
(1 real change made)
(1 real change made)
(1 real change made)
(1 real change made)
(1 real change made)
(1 real change made)
(1 real change made)
(1 real change made)
(1 real change made)
(1 real change made)
(1 real change made)
(1 real change made)
(1 real change made)
(1 real change made)
(1 real change made)
(1 real change made)
(1 real change made)
(1 real change made)
(1 real change made)
(1 real change made)
(1 real change made)
(1 real change made)
(1 real change made)
(1 real change made)
(1 real change made)
Number of observations (_N) was 65, now 66.
(1 real change made)
(1 real change made)
(1 real change made)
(1 real change made)
(1 real change made)
(1 real change made)
(1 real change made)
(1 real change made)
(1 real change made)
(1 real change made)
(1 real change made)
(1 real change made)
(1 real change made)
(1 real change made)
(1 real change made)
(1 real change made)
(1 real change made)
(1 real change made)
(1 real change made)
(1 real change made)
(1 real change made)
(1 real change made)
(1 real change made)
(1 real change made)
(1 real change made)
(1 real change made)
(1 real change made)
(1 real change made)
(1 real change made)
(1 real change made)
(1 real change made)
(1 real change made)
Number of observations (_N) was 66, now 67.
(1 real change made)
(1 real change made)
(1 real change made)
(1 real change made)
(1 real change made)
(1 real change made)
(1 real change made)
(1 real change made)
(1 real change made)
(1 real change made)
(1 real change made)
(1 real change made)
(1 real change made)
(1 real change made)
(1 real change made)
(1 real change made)
(1 real change made)
(1 real change made)
(1 real change made)
(1 real change made)
(1 real change made)
(1 real change made)
(1 real change made)
(1 real change made)
(1 real change made)
(1 real change made)
(1 real change made)
(1 real change made)
(1 real change made)
(1 real change made)
(1 real change made)
(1 real change made)
Number of observations (_N) was 67, now 68.
(1 real change made)
(1 real change made)
(1 real change made)
(1 real change made)
(1 real change made)
(1 real change made)
(1 real change made)
(1 real change made)
(1 real change made)
(1 real change made)
(1 real change made)
(1 real change made)
(1 real change made)
(1 real change made)
(1 real change made)
(1 real change made)
(1 real change made)
(1 real change made)
(1 real change made)
(1 real change made)
(1 real change made)
(1 real change made)
(1 real change made)
(1 real change made)
(1 real change made)
(1 real change made)
(1 real change made)
(1 real change made)
(1 real change made)
(1 real change made)
(1 real change made)
(1 real change made)
Number of observations (_N) was 68, now 69.
(1 real change made)
(1 real change made)
(1 real change made)
(1 real change made)
(1 real change made)
(1 real change made)
(1 real change made)
(1 real change made)
(1 real change made)
(1 real change made)
(1 real change made)
(1 real change made)
(1 real change made)
(1 real change made)
(1 real change made)
(1 real change made)
(1 real change made)
(1 real change made)
(1 real change made)
(1 real change made)
(1 real change made)
(1 real change made)
(1 real change made)
(1 real change made)
(1 real change made)
(1 real change made)
(1 real change made)
(1 real change made)
(1 real change made)
(1 real change made)
(1 real change made)
(1 real change made)
Number of observations (_N) was 69, now 70.
(1 real change made)
(1 real change made)
(1 real change made)
(1 real change made)
(1 real change made)
(1 real change made)
(1 real change made)
(1 real change made)
(1 real change made)
(1 real change made)
(1 real change made)
(1 real change made)
(1 real change made)
(1 real change made)
(1 real change made)
(1 real change made)
(1 real change made)
(1 real change made)
(1 real change made)
(1 real change made)
(1 real change made)
(1 real change made)
(1 real change made)
(1 real change made)
(1 real change made)
(1 real change made)
(1 real change made)
(1 real change made)
(1 real change made)
(1 real change made)
(1 real change made)
(1 real change made)
Number of observations (_N) was 70, now 71.
(1 real change made)
(1 real change made)
(1 real change made)
(1 real change made)
(1 real change made)
(1 real change made)
(1 real change made)
(1 real change made)
(1 real change made)
(1 real change made)
(1 real change made)
(1 real change made)
(1 real change made)
(1 real change made)
(1 real change made)
(1 real change made)
(1 real change made)
(1 real change made)
(1 real change made)
(1 real change made)
(1 real change made)
(1 real change made)
(1 real change made)
(1 real change made)
(1 real change made)
(1 real change made)
(1 real change made)
(1 real change made)
(1 real change made)
(1 real change made)
(1 real change made)
(1 real change made)
Number of observations (_N) was 71, now 72.
(1 real change made)
(1 real change made)
(1 real change made)
(1 real change made)
(1 real change made)
(1 real change made)
(1 real change made)
(1 real change made)
(1 real change made)
(1 real change made)
(1 real change made)
(1 real change made)
(1 real change made)
(1 real change made)
(1 real change made)
(1 real change made)
(1 real change made)
(1 real change made)
(1 real change made)
(1 real change made)
(1 real change made)
(1 real change made)
(1 real change made)
(1 real change made)
(1 real change made)
(1 real change made)
(1 real change made)
(1 real change made)
(1 real change made)
(1 real change made)
(1 real change made)
(1 real change made)
Number of observations (_N) was 72, now 73.
(1 real change made)
(1 real change made)
(1 real change made)
(1 real change made)
(1 real change made)
(1 real change made)
(1 real change made)
(1 real change made)
(1 real change made)
(1 real change made)
(1 real change made)
(1 real change made)
(1 real change made)
(1 real change made)
(1 real change made)
(1 real change made)
(1 real change made)
(1 real change made)
(1 real change made)
(1 real change made)
(1 real change made)
(1 real change made)
(1 real change made)
(1 real change made)
(1 real change made)
(1 real change made)
(1 real change made)
(1 real change made)
(1 real change made)
(1 real change made)
(1 real change made)
(1 real change made)
Number of observations (_N) was 73, now 74.
(1 real change made)
(1 real change made)
(1 real change made)
(1 real change made)
(1 real change made)
(1 real change made)
(1 real change made)
(1 real change made)
(1 real change made)
(1 real change made)
(1 real change made)
(1 real change made)
(1 real change made)
(1 real change made)
(1 real change made)
(1 real change made)
(1 real change made)
(1 real change made)
(1 real change made)
(1 real change made)
(1 real change made)
(1 real change made)
(1 real change made)
(1 real change made)
(1 real change made)
(1 real change made)
(1 real change made)
(1 real change made)
(1 real change made)
(1 real change made)
(1 real change made)
(1 real change made)
Number of observations (_N) was 74, now 75.
(1 real change made)
(1 real change made)
(1 real change made)
(1 real change made)
(1 real change made)
(1 real change made)
(1 real change made)
(1 real change made)
(1 real change made)
(1 real change made)
(1 real change made)
(1 real change made)
(1 real change made)
(1 real change made)
(1 real change made)
(1 real change made)
(1 real change made)
(1 real change made)
(1 real change made)
(1 real change made)
(1 real change made)
(1 real change made)
(1 real change made)
(1 real change made)
(1 real change made)
(1 real change made)
(1 real change made)
(1 real change made)
(1 real change made)
(1 real change made)
(1 real change made)
(1 real change made)
Number of observations (_N) was 75, now 76.
(1 real change made)
(1 real change made)
(1 real change made)
(1 real change made)
(1 real change made)
(1 real change made)
(1 real change made)
(1 real change made)
(1 real change made)
(1 real change made)
(1 real change made)
(1 real change made)
(1 real change made)
(1 real change made)
(1 real change made)
(1 real change made)
(1 real change made)
(1 real change made)
(1 real change made)
(1 real change made)
(1 real change made)
(1 real change made)
(1 real change made)
(1 real change made)
(1 real change made)
(1 real change made)
(1 real change made)
(1 real change made)
(1 real change made)
(1 real change made)
(1 real change made)
(1 real change made)
Number of observations (_N) was 76, now 77.
(1 real change made)
(1 real change made)
(1 real change made)
(1 real change made)
(1 real change made)
(1 real change made)
(1 real change made)
(1 real change made)
(1 real change made)
(1 real change made)
(1 real change made)
(1 real change made)
(1 real change made)
(1 real change made)
(1 real change made)
(1 real change made)
(1 real change made)
(1 real change made)
(1 real change made)
(1 real change made)
(1 real change made)
(1 real change made)
(1 real change made)
(1 real change made)
(1 real change made)
(1 real change made)
(1 real change made)
(1 real change made)
(1 real change made)
(1 real change made)
(1 real change made)
(1 real change made)
Number of observations (_N) was 77, now 78.
(1 real change made)
(1 real change made)
(1 real change made)
(1 real change made)
(1 real change made)
(1 real change made)
(1 real change made)
(1 real change made)
(1 real change made)
(1 real change made)
(1 real change made)
(1 real change made)
(1 real change made)
(1 real change made)
(1 real change made)
(1 real change made)
(1 real change made)
(1 real change made)
(1 real change made)
(1 real change made)
(1 real change made)
(1 real change made)
(1 real change made)
(1 real change made)
(1 real change made)
(1 real change made)
(1 real change made)
(1 real change made)
(1 real change made)
(1 real change made)
(1 real change made)
(1 real change made)
Number of observations (_N) was 78, now 79.
(1 real change made)
(1 real change made)
(1 real change made)
(1 real change made)
(1 real change made)
(1 real change made)
(1 real change made)
(1 real change made)
(1 real change made)
(1 real change made)
(1 real change made)
(1 real change made)
(1 real change made)
(1 real change made)
(1 real change made)
(1 real change made)
(1 real change made)
(1 real change made)
(1 real change made)
(1 real change made)
(1 real change made)
(1 real change made)
(1 real change made)
(1 real change made)
(1 real change made)
(1 real change made)
(1 real change made)
(1 real change made)
(1 real change made)
(1 real change made)
(1 real change made)
(1 real change made)
Number of observations (_N) was 79, now 80.
(1 real change made)
(1 real change made)
(1 real change made)
(1 real change made)
(1 real change made)
(1 real change made)
(1 real change made)
(1 real change made)
(1 real change made)
(1 real change made)
(1 real change made)
(1 real change made)
(1 real change made)
(1 real change made)
(1 real change made)
(1 real change made)
(1 real change made)
(1 real change made)
(1 real change made)
(1 real change made)
(1 real change made)
(1 real change made)
(1 real change made)
(1 real change made)
(1 real change made)
(1 real change made)
(1 real change made)
(1 real change made)
(1 real change made)
(1 real change made)
(1 real change made)
(1 real change made)
file C:/Users/LENOVO/Desktop/BoardPharma/csv/personnel_did_imputation/medium_board_csuite/to_B_not_in_A/C6B/treatment_group_B/balanced_0/fe2/price1/to_B_not_in_A_C6B_tgB_balanced0_fe2_price1_log_hetby4.csv saved
file C:/Users/LENOVO/Desktop/BoardPharma/figures/personnel_did_imputation/medium_board_csuite/to_B_not_in_A/C6B/treatment_group_B/balanced_0/fe2/price1/to_B_not_in_A_C6B_tgB_balanced0_fe2_price1_log_hetby4.png saved as PNG format
success: to_B_not_in_A_C6B_tgB_balanced0_fe2_price1_log_hetby4
      name:  <unnamed>
       log:  C:/Users/LENOVO/Desktop/BoardPharma/logs/personnel_did_imputation/medium_board_csuite/to_B_not_in_A/C6B/treatment_group_B/balanced_0/fe2/price1/to_B_not_in_A_C6B_tgB_balanced0_fe2_price1_log_hetby4.log
  log type:  text
 closed on:  16 Jun 2026, 04:56:16
---------------------------------------------------------------------------------------------------------------------------------------------------------------------------------------------------------------------------------------------------------------

. 
. clear all

. 
end of do-file
